// Jest Snapshot v1, https://goo.gl/fbAQLP

exports[`renders without crashing 1`] = `
<RecoilRoot>
  <Batcher
    setNotifyBatcherOfChange={[Function]}
  />
  <Camera>
    <div
      className="makeStyles-container-1"
    >
      <Webcam
        audio={false}
        className="makeStyles-camera-2"
        forceScreenshotSourceSize={false}
        imageSmoothing={true}
        mirrored={false}
        onUserMedia={[Function]}
        onUserMediaError={[Function]}
        screenshotFormat="image/jpeg"
        screenshotQuality={0.92}
      >
        <video
          autoPlay={true}
          className="makeStyles-camera-2"
          muted={false}
          playsInline={true}
          style={Object {}}
        />
      </Webcam>
      <ForwardRef
        className="makeStyles-button-3"
        onClick={[Function]}
      >
        <WithStyles(ForwardRef(SvgIcon))
          className="makeStyles-button-3"
          onClick={[Function]}
        >
          <ForwardRef(SvgIcon)
            className="makeStyles-button-3"
            classes={
              Object {
                "colorAction": "MuiSvgIcon-colorAction",
                "colorDisabled": "MuiSvgIcon-colorDisabled",
                "colorError": "MuiSvgIcon-colorError",
                "colorPrimary": "MuiSvgIcon-colorPrimary",
                "colorSecondary": "MuiSvgIcon-colorSecondary",
                "fontSizeInherit": "MuiSvgIcon-fontSizeInherit",
                "fontSizeLarge": "MuiSvgIcon-fontSizeLarge",
                "fontSizeSmall": "MuiSvgIcon-fontSizeSmall",
                "root": "MuiSvgIcon-root",
              }
            }
            onClick={[Function]}
          >
            <svg
              aria-hidden={true}
              className="MuiSvgIcon-root makeStyles-button-3"
              focusable="false"
              onClick={[Function]}
              viewBox="0 0 24 24"
            >
              <path
                d="M12 7c-2.76 0-5 2.24-5 5s2.24 5 5 5 5-2.24 5-5-2.24-5-5-5zm0-5C6.48 2 2 6.48 2 12s4.48 10 10 10 10-4.48 10-10S17.52 2 12 2zm0 18c-4.42 0-8-3.58-8-8s3.58-8 8-8 8 3.58 8 8-3.58 8-8 8z"
              />
            </svg>
          </ForwardRef(SvgIcon)>
        </WithStyles(ForwardRef(SvgIcon))>
      </ForwardRef>
    </div>
  </Camera>
</RecoilRoot>
`;
