// Jest Snapshot v1, https://goo.gl/fbAQLP

exports[`renders without crashing 1`] = `
<RecoilRoot>
  <Batcher
    setNotifyBatcherOfChange={[Function]}
  />
  <AudioRecorder>
    <ForwardRef
      className="makeStyles-icon-1"
      onClick={[Function]}
    >
      <WithStyles(ForwardRef(SvgIcon))
        className="makeStyles-icon-1"
        onClick={[Function]}
      >
        <ForwardRef(SvgIcon)
          className="makeStyles-icon-1"
          classes={
            Object {
              "colorAction": "MuiSvgIcon-colorAction",
              "colorDisabled": "MuiSvgIcon-colorDisabled",
              "colorError": "MuiSvgIcon-colorError",
              "colorPrimary": "MuiSvgIcon-colorPrimary",
              "colorSecondary": "MuiSvgIcon-colorSecondary",
              "fontSizeInherit": "MuiSvgIcon-fontSizeInherit",
              "fontSizeLarge": "MuiSvgIcon-fontSizeLarge",
              "fontSizeSmall": "MuiSvgIcon-fontSizeSmall",
              "root": "MuiSvgIcon-root",
            }
          }
          onClick={[Function]}
        >
          <svg
            aria-hidden={true}
            className="MuiSvgIcon-root makeStyles-icon-1"
            focusable="false"
            onClick={[Function]}
            viewBox="0 0 24 24"
          >
            <path
              d="M12 14c1.66 0 2.99-1.34 2.99-3L15 5c0-1.66-1.34-3-3-3S9 3.34 9 5v6c0 1.66 1.34 3 3 3zm5.3-3c0 3-2.54 5.1-5.3 5.1S6.7 14 6.7 11H5c0 3.41 2.72 6.23 6 6.72V21h2v-3.28c3.28-.48 6-3.3 6-6.72h-1.7z"
            />
          </svg>
        </ForwardRef(SvgIcon)>
      </WithStyles(ForwardRef(SvgIcon))>
    </ForwardRef>
  </AudioRecorder>
</RecoilRoot>
`;
