// Jest Snapshot v1, https://goo.gl/fbAQLP

exports[`renders without crashing 1`] = `
<RecoilRoot>
  <Batcher
    setNotifyBatcherOfChange={[Function]}
  />
  <CameraToggle>
    <ForwardRef
      className="makeStyles-icon-1"
      onClick={[Function]}
    >
      <WithStyles(ForwardRef(SvgIcon))
        className="makeStyles-icon-1"
        onClick={[Function]}
      >
        <ForwardRef(SvgIcon)
          className="makeStyles-icon-1"
          classes={
            Object {
              "colorAction": "MuiSvgIcon-colorAction",
              "colorDisabled": "MuiSvgIcon-colorDisabled",
              "colorError": "MuiSvgIcon-colorError",
              "colorPrimary": "MuiSvgIcon-colorPrimary",
              "colorSecondary": "MuiSvgIcon-colorSecondary",
              "fontSizeInherit": "MuiSvgIcon-fontSizeInherit",
              "fontSizeLarge": "MuiSvgIcon-fontSizeLarge",
              "fontSizeSmall": "MuiSvgIcon-fontSizeSmall",
              "root": "MuiSvgIcon-root",
            }
          }
          onClick={[Function]}
        >
          <svg
            aria-hidden={true}
            className="MuiSvgIcon-root makeStyles-icon-1"
            focusable="false"
            onClick={[Function]}
            viewBox="0 0 24 24"
          >
            <path
              d="M14.12 4l1.83 2H20v12H4V6h4.05l1.83-2h4.24M15 2H9L7.17 4H4c-1.1 0-2 .9-2 2v12c0 1.1.9 2 2 2h16c1.1 0 2-.9 2-2V6c0-1.1-.9-2-2-2h-3.17L15 2zm-3 7c1.65 0 3 1.35 3 3s-1.35 3-3 3-3-1.35-3-3 1.35-3 3-3m0-2c-2.76 0-5 2.24-5 5s2.24 5 5 5 5-2.24 5-5-2.24-5-5-5z"
            />
          </svg>
        </ForwardRef(SvgIcon)>
      </WithStyles(ForwardRef(SvgIcon))>
    </ForwardRef>
  </CameraToggle>
</RecoilRoot>
`;
