// Jest Snapshot v1, https://goo.gl/fbAQLP

exports[`renders without crashing 1`] = `
<ContextProvider
  value={
    Object {
      "current": Object {
        "addTransactionMetadata": [Function],
        "fireNodeSubscriptions": [Function],
        "getState": [Function],
        "replaceState": [Function],
        "subscribeToTransactions": [Function],
      },
    }
  }
>
  <Batcher
    setNotifyBatcherOfChange={[Function]}
  />
  <App />
</ContextProvider>
`;
