// Jest Snapshot v1, https://goo.gl/fbAQLP

exports[`renders without crashing 1`] = `
<Loading>
  <WithStyles(ForwardRef(Container))
    className="makeStyles-container-2"
  >
    <ForwardRef(Container)
      className="makeStyles-container-2"
      classes={
        Object {
          "disableGutters": "MuiContainer-disableGutters",
          "fixed": "MuiContainer-fixed",
          "maxWidthLg": "MuiContainer-maxWidthLg",
          "maxWidthMd": "MuiContainer-maxWidthMd",
          "maxWidthSm": "MuiContainer-maxWidthSm",
          "maxWidthXl": "MuiContainer-maxWidthXl",
          "maxWidthXs": "MuiContainer-maxWidthXs",
          "root": "MuiContainer-root",
        }
      }
    >
      <div
        className="MuiContainer-root makeStyles-container-2 MuiContainer-maxWidthLg"
      >
        <Loading
          className="makeStyles-loading-1"
          color="#556cd6"
          delay={0}
          height={64}
          type="bars"
          width={100}
        >
          <div
            className="makeStyles-loading-1"
            dangerouslySetInnerHTML={
              Object {
                "__html": "<svg xmlns=\\"http://www.w3.org/2000/svg\\" viewBox=\\"0 0 32 32\\">
  <path transform=\\"translate(2)\\" d=\\"M0 12 V20 H4 V12z\\"> 
    <animate attributeName=\\"d\\" values=\\"M0 12 V20 H4 V12z; M0 4 V28 H4 V4z; M0 12 V20 H4 V12z; M0 12 V20 H4 V12z\\" dur=\\"1.2s\\" repeatCount=\\"indefinite\\" begin=\\"0\\" keytimes=\\"0;.2;.5;1\\" keySplines=\\"0.2 0.2 0.4 0.8;0.2 0.6 0.4 0.8;0.2 0.8 0.4 0.8\\" calcMode=\\"spline\\"  />
  </path>
  <path transform=\\"translate(8)\\" d=\\"M0 12 V20 H4 V12z\\">
    <animate attributeName=\\"d\\" values=\\"M0 12 V20 H4 V12z; M0 4 V28 H4 V4z; M0 12 V20 H4 V12z; M0 12 V20 H4 V12z\\" dur=\\"1.2s\\" repeatCount=\\"indefinite\\" begin=\\"0.2\\" keytimes=\\"0;.2;.5;1\\" keySplines=\\"0.2 0.2 0.4 0.8;0.2 0.6 0.4 0.8;0.2 0.8 0.4 0.8\\" calcMode=\\"spline\\"  />
  </path>
  <path transform=\\"translate(14)\\" d=\\"M0 12 V20 H4 V12z\\">
    <animate attributeName=\\"d\\" values=\\"M0 12 V20 H4 V12z; M0 4 V28 H4 V4z; M0 12 V20 H4 V12z; M0 12 V20 H4 V12z\\" dur=\\"1.2s\\" repeatCount=\\"indefinite\\" begin=\\"0.4\\" keytimes=\\"0;.2;.5;1\\" keySplines=\\"0.2 0.2 0.4 0.8;0.2 0.6 0.4 0.8;0.2 0.8 0.4 0.8\\" calcMode=\\"spline\\" />
  </path>
  <path transform=\\"translate(20)\\" d=\\"M0 12 V20 H4 V12z\\">
    <animate attributeName=\\"d\\" values=\\"M0 12 V20 H4 V12z; M0 4 V28 H4 V4z; M0 12 V20 H4 V12z; M0 12 V20 H4 V12z\\" dur=\\"1.2s\\" repeatCount=\\"indefinite\\" begin=\\"0.6\\" keytimes=\\"0;.2;.5;1\\" keySplines=\\"0.2 0.2 0.4 0.8;0.2 0.6 0.4 0.8;0.2 0.8 0.4 0.8\\" calcMode=\\"spline\\" />
  </path>
  <path transform=\\"translate(26)\\" d=\\"M0 12 V20 H4 V12z\\">
    <animate attributeName=\\"d\\" values=\\"M0 12 V20 H4 V12z; M0 4 V28 H4 V4z; M0 12 V20 H4 V12z; M0 12 V20 H4 V12z\\" dur=\\"1.2s\\" repeatCount=\\"indefinite\\" begin=\\"0.8\\" keytimes=\\"0;.2;.5;1\\" keySplines=\\"0.2 0.2 0.4 0.8;0.2 0.6 0.4 0.8;0.2 0.8 0.4 0.8\\" calcMode=\\"spline\\" />
  </path>
</svg>
",
              }
            }
            style={
              Object {
                "fill": "#556cd6",
                "height": 64,
                "width": 100,
              }
            }
          />
        </Loading>
      </div>
    </ForwardRef(Container)>
  </WithStyles(ForwardRef(Container))>
</Loading>
`;
